
> grokbot-live-task-cards@1.0.0 test
> node --test tests/*.test.mjs

✔ small and large batches always settle within 620ms (0.655292ms)
✔ initial snapshot renders the confirmed meter immediately, including fractional batches (14.474708ms)
✔ HTTP create, read page and update round trip uses actual file store (128.327791ms)
✔ matrix page serves live component assets and saved activity, not demo fixture (76.578625ms)
✔ public health does not imply iMessage verification (14.557709ms)
✔ publisher API rejects absent or view-only credentials (33.887209ms)
✔ no button action or callback endpoint exists (36.900875ms)
✔ private pages have no-store, no-referrer and restricted CSP (27.518458ms)
✔ bad view token and wrong slot cannot read another card (32.73125ms)
✔ private JSON view omits task/conversation and publisher credentials (43.771375ms)
✔ text injection is escaped in both HTML and JSON bootstrap (19.98525ms)
✔ reading a card cannot change revision or slot state (23.322ms)
✔ malformed JSON and oversized requests rejected (9.981959ms)
✔ Build Output API rewritten path is dispatched to the same router (6.602834ms)
✔ examples are optional and have no task side effects (7.378583ms)
✔ requested theme changes saved content at the exact same URL (92.802375ms)
✔ loader validation accepts separate still/loop formats and rejects scripts, dimensions and invalid loops (2.4085ms)
✔ loader replacement is owner-scoped, keeps URLs/task clocks, persists and applies to future cards (75.801458ms)
✔ reset restores Grokbot for active/future cards but preserves terminal and archived loader history (216.600833ms)
✔ loader writes are idempotent, reject stale revisions and cannot overwrite a newer milestone (103.254584ms)
✔ unreferenced assets are collected; preferences and retained final cards keep theirs (37.164375ms)
✔ old registries and cards without owners retain Grokbot; owner identity is absent from public data (54.109167ms)
✔ loader HTTP API rejects unauthenticated/view-only writes and exposes only the selected asset (101.350916ms)
✔ loader upload accepts bounded larger assets without increasing the ordinary card body limit (32.303792ms)
✔ runtime requires explicit replace/reset authorization; attachments and wrong actions cause no write (39.10425ms)
✔ runtime derives owner from trusted context, applies loader and blocks cross-owner task access (76.648333ms)
✔ personalization stays disabled when runtime authorization hooks are absent (5.703167ms)
✔ variable lattices preserve transition position/velocity and agree across 30/60/120fps (95.815416ms)
✔ concurrent personalization cannot silently overwrite another request for the same owner (37.644875ms)
✔ custom static and authored loop samples remain bounded through four cycles at 30/60/120fps (37.431167ms)
✔ queue promotes the same planned step only after saved stage advancement (14.666208ms)
✔ waiting preserves the upcoming plan; terminal states remove it (6.552083ms)
✔ queued work labels future intent instead of claiming it has started (4.651542ms)
✔ valid research example (14.235125ms)
✔ valid checks example (15.322708ms)
✔ valid stages example (25.903584ms)
✔ valid matrix example (7.487125ms)
✔ matrix validates the planned steps against stage identity and supported icons (4.746083ms)
✔ legacy matrix history is readable but is never reinterpreted as a plan (1.579709ms)
✔ reject HTML/action/style contract extensions (12.554084ms)
✔ unknown totals produce no invented fraction (4.132583ms)
✔ reject invalid counters and percentages (23.241125ms)
✔ four named stages do not imply 25 percent increments (2.3855ms)
✔ reject two active stages (0.715042ms)
✔ reject contradictory complete-but-unsent stage state (0.779583ms)
✔ waiting uses a blocked marker rather than active working animation (0.993666ms)
✔ stage IDs unique; label length bounded (0.965041ms)
✔ allow two to four stages with arbitrary valid labels (3.255291ms)
✔ title length and control characters bounded (4.159ms)
✔ header assets are allowlisted, never arbitrary remote URLs (1.486ms)
✔ create retains opaque original conversation ID (0.715459ms)
✔ update requires exact integer revision (1.438333ms)
✔ empty slot registry has exactly ten names (0.628375ms)
✔ corrupt state does not reset silently (0.235625ms)
✔ production configuration refuses file persistence (0.370375ms)
✔ configuration requires distinct strong secrets (0.191541ms)
✔ no HTTP public production origin (0.108208ms)
✔ theme defaults to dark and accepts only the two approved palettes (1.665708ms)
✔ start sends once; milestone writes never edit or resend (317.788125ms)
✔ update does not require a provider edit return (94.161917ms)
✔ repeat sync does not resend already presented revision (56.279916ms)
✔ confirmed terminal update releases slot and leaves original final page (107.970959ms)
✔ missing original session after restart still permits saved updates without replacement send (67.155083ms)
✔ wrong conversation rejects before a provider send or record creation (8.356416ms)
✔ provider failure becomes unknown and is not auto retried (49.087583ms)
✔ lost acknowledgment returns reconciliation data, not another SDK send (50.360084ms)
✔ terminal release clears optional uptime-only target mapping (61.2165ms)
✔ requested light palette updates the same card without a Spectrum operation (64.964458ms)
✔ Redis REST adapter uses one atomic EVAL rather than plain SET (16.312917ms)
✔ CAS retry resolves concurrent updates without lost slots (37.617667ms)
✔ storage/network failure remains an error, not a fresh empty pool (0.735958ms)
✔ upstream error body cannot be mistaken for success (0.679083ms)
✔ conflicts exhaust a bounded retry budget (18.928875ms)
✔ 27 of 50 is exactly 27 filled dots and 23 pending dots (1.260292ms)
✔ large batch uses bounded proportional dot display (0.409334ms)
✔ 74 percent is seven full segments, one 40 percent segment, two empty (0.637ms)
✔ stage tracker does not show an invented percent (8.112792ms)
✔ unknown progress falls back to stages instead of 0 or fake 60 percent (6.494125ms)
✔ completed and waiting states have no working activity ring (5.029416ms)
✔ layout contains no controls or external assets (2.180166ms)
✔ code palette contains only approved flat navy, white and gray tokens (2.109125ms)
✔ header disabled produces no blank image strip (0.894042ms)
✔ text stays text, not script or HTML (3.685167ms)
✔ concurrent creates claim at most ten distinct slots (320.684875ms)
✔ identical create retries return one identity (54.008125ms)
✔ conflicting create idempotency key is rejected (43.179375ms)
✔ same task cannot get another retained card (31.295708ms)
✔ update changes data and revision, not identity or slot (34.532292ms)
✔ a complete record snapshot can be reused as the next update payload (31.408583ms)
✔ stale updates cannot overwrite new progress (36.589625ms)
✔ updates keep the original template so mounted assets remain valid (21.452084ms)
✔ retry after an update response is lost is idempotent (41.704583ms)
✔ presentation claims serialize same-card provider operations (34.872083ms)
✔ confirmed milestone can be saved during an unresolved initial send (40.074792ms)
✔ unknown outcomes retain occupancy and cannot be resent (50.144958ms)
✔ unknown can be explicitly reconciled with actual message reference (33.026458ms)
✔ accepted settlement retries do not create new references (29.666292ms)
✔ wrong initial attempt is rejected and accepted send cannot be repeated (31.037167ms)
✔ pre-migration edit claim can be reconciled without replacing original message (29.879667ms)
✔ release requires terminal state and reconciled initial send (36.351792ms)
✔ terminal milestone can precede reconciliation, then release without final edit (38.340667ms)
✔ old URL remains bound to old card after slot reuse (42.783708ms)
✔ archived and terminal cards reject late worker changes (40.199709ms)
✔ restart preserves slots, progress and unresolved claims (13.843584ms)
✔ only unsent, unambiguous draft can be discarded (15.387416ms)
✔ read token is scoped to exact card and slot (8.268292ms)
✔ public view omits internal identities and delivery/session state (8.502375ms)
✔ archive read expiry does not release active tasks by elapsed time (54.774125ms)
✔ corrupt file rejected without overwrite (1.456958ms)
✔ stale local lock fails closed instead of stealing ownership (22.8365ms)
✔ whole-workflow estimates stay within weighted caps and never advance stages (6.475292ms)
✔ only confirmed completion reaches 100, including last-stage and failed cases (3.009208ms)
✔ workflow weights require a complete ordered positive 100-point budget (2.554542ms)
✔ saved clock survives theme updates, pauses and reopening; estimate causes no writes (170.529958ms)
✔ workflow budgets and confirmed stages cannot be rewritten backward (46.374041ms)
ℹ tests 115
ℹ suites 0
ℹ pass 115
ℹ fail 0
ℹ cancelled 0
ℹ skipped 0
ℹ todo 0
ℹ duration_ms 1580.9905
